--------------------------------------------------------------------------------------
Timing Analyzer Summary
--------------------------------------------------------------------------------------

Type           : Worst-case tsu
Slack          : N/A
Required Time  : None
Actual Time    : 0.328 ns
From           : data[3]
To             : ADdff8:inst1|dout[3]
From Clock     : --
To Clock       : _50M
Failed Paths   : 0

Type           : Worst-case tco
Slack          : N/A
Required Time  : None
Actual Time    : 14.098 ns
From           : Dff8:inst7|dout[7]
To             : T2[1]
From Clock     : _50M
To Clock       : --
Failed Paths   : 0

Type           : Worst-case th
Slack          : N/A
Required Time  : None
Actual Time    : 3.932 ns
From           : reset
To             : ADctr:inst4|cs.000
From Clock     : --
To Clock       : _50M
Failed Paths   : 0

Type           : Clock Setup: '_50M'
Slack          : N/A
Required Time  : None
Actual Time    : 118.57 MHz ( period = 8.434 ns )
From           : ADctr:inst4|addr[1]
To             : ADdff8:inst5|dout[7]
From Clock     : _50M
To Clock       : _50M
Failed Paths   : 0

Type           : Clock Hold: '_50M'
Slack          : Not operational: Clock Skew > Data Delay
Required Time  : None
Actual Time    : N/A
From           : ADdff8:inst6|dout[7]
To             : Dff8:inst9|dout[7]
From Clock     : _50M
To Clock       : _50M
Failed Paths   : 12

Type           : Total number of failed paths
Slack          : 
Required Time  : 
Actual Time    : 
From           : 
To             : 
From Clock     : 
To Clock       : 
Failed Paths   : 12

--------------------------------------------------------------------------------------

